// Jest Snapshot v1, https://goo.gl/fbAQLP

exports[`SerachPage Tests debe mostrarse correctamente con los valores por defecto 1`] = `
<div>
  <div
    class="flex justify-center"
  >
    <form
      class="flex bg-white drop-shadow-lg focus:drop-shadow-xl rounded-md py-2 px-2"
      data-testid="search-form"
    >
      <input
        class="py-2 px-2 bg-transparent w-[500px] border-indigo-500 outline-none"
        name="searchText"
        placeholder="Buscar un heroe..."
        type="search"
        value=""
      />
      <button
        class="w-10 bg-indigo-500 text-white outline-none py-2 px-2 rounded-lg"
      >
        <svg
          class="w-6 h-6"
          fill="none"
          stroke="currentColor"
          stroke-width="1.5"
          viewBox="0 0 24 24"
          xmlns="http://www.w3.org/2000/svg"
        >
          <path
            d="M21 21l-5.197-5.197m0 0A7.5 7.5 0 105.196 5.196a7.5 7.5 0 0010.607 10.607z"
            stroke-linecap="round"
            stroke-linejoin="round"
          />
        </svg>
      </button>
    </form>
  </div>
  <br />
  <div
    class="animate__animated animate__fadeIn flex h-[500px] w-full justify-center items-center"
    data-testid="default-message"
  >
    <span
      class="font-medium text-2xl text-indigo-500"
    >
      Busca un heroe...
    </span>
  </div>
  <div
    class="animate__animated animate__fadeIn flex h-[500px] w-full justify-center items-center"
    data-testid="no-heroes-found-message"
    style="display: none;"
  >
    <span
      class="font-medium text-2xl text-indigo-500 text-center"
    >
      Oops 
      <br />
      No hay heroes
    </span>
  </div>
</div>
`;
